// Jest Snapshot v1, https://goo.gl/fbAQLP

exports[`Tabs works when: displays selection and items 1`] = `
<DocumentFragment>
  <div
    class="flex rounded-md [&>*:first-child]:rounded-s-md [&>*:last-child]:rounded-r-md"
  >
    <button
      class="font-medium flex-1 py-2 px-3 disabled:bg-neutral-300/30 disabled:text-black/30 dark:disabled:bg-gray-900 dark:disabled:text-white/30 bg-green-400"
    >
      First
    </button>
    <button
      class="font-medium flex-1 py-2 px-3 disabled:bg-neutral-300/30 disabled:text-black/30 dark:disabled:bg-gray-900 dark:disabled:text-white/30 enabled:hover:bg-gray-400/70 dark:enabled:hover:bg-slate-800/70 dark:bg-slate-800 bg-gray-300 text-black dark:text-white"
    >
      Second
    </button>
    <button
      class="font-medium flex-1 py-2 px-3 disabled:bg-neutral-300/30 disabled:text-black/30 dark:disabled:bg-gray-900 dark:disabled:text-white/30 enabled:hover:bg-gray-400/70 dark:enabled:hover:bg-slate-800/70 dark:bg-slate-800 bg-gray-300 text-black dark:text-white"
    >
      Last
    </button>
  </div>
</DocumentFragment>
`;
